<html>
<body>
<pre>
<h1>µVision Build Log</h1>
<h2>Tool Versions:</h2>
IDE-Version: ¦ÌVision V5.21.1.0
Copyright (C) 2016 ARM Ltd and ARM Germany GmbH. All rights reserved.
License Information: M W, M@W, LIC=QF8NN-YGB2E-U4HS7-EJ195-3MT3B-WC9EV
 
Tool Versions:
Toolchain:       MDK-ARM Plus  Version: 5.21a
Toolchain Path:  F:\Keil\ARM\ARMCC\Bin
C Compiler:      Armcc.exe V5.06 update 3 (build 300)
Assembler:       Armasm.exe V5.06 update 3 (build 300)
Linker/Locator:  ArmLink.exe V5.06 update 3 (build 300)
Library Manager: ArmAr.exe V5.06 update 3 (build 300)
Hex Converter:   FromElf.exe V5.06 update 3 (build 300)
CPU DLL:         SARMCM3.DLL V5.21a
Dialog DLL:      DCM.DLL V1.13.8.0
Target DLL:      Segger\JL2CM3.dll V2.99.23.0
Dialog DLL:      TCM.DLL V1.14.14.0
 
<h2>Project:</h2>
F:\STCode\STM32\STM32F407ZGT6\User\STM32F407ZGT6.uvprojx
Project File Date:  10/15/2017

<h2>Output:</h2>
*** Using Compiler 'V5.06 update 3 (build 300)', folder: 'F:\Keil\ARM\ARMCC\Bin'
Rebuild target 'STM32F407ZGT6'
compiling key.c...
..\Peripherals\key.c(22): warning:  #177-D: variable "keyIndex" was declared but never referenced
      u8 keyIndex = 1;
..\Peripherals\key.c: 1 warning, 0 errors
compiling beep.c...
compiling stm32f4xx_gpio.c...
compiling misc.c...
compiling led.c...
..\Peripherals\led.h(5): warning:  #1295-D: Deprecated declaration LedInit - give arg types
  void LedInit();
..\Peripherals\led.c: 1 warning, 0 errors
compiling stm32f4xx_syscfg.c...
compiling stm32f4xx_rcc.c...
assembling startup_stm32f40_41xxx.s...
compiling sys.c...
compiling stm32f4xx_it.c...
compiling usart.c...
compiling stm32f4xx_usart.c...
compiling delay.c...
compiling system_stm32f4xx.c...
linking...
Program Size: Code=952 RO-data=424 RW-data=8 ZI-data=1832  
FromELF: creating hex file...
"..\Obj\STM32F407ZGT6.axf" - 0 Error(s), 2 Warning(s).

<h2>Collection of Component include folders:</h2>
  F:\STCode\STM32\STM32F407ZGT6\User\RTE
  F:\Keil\ARM\PACK\Keil\STM32F4xx_DFP\2.11.0\Drivers\CMSIS\Device\ST\STM32F4xx\Include

<h2>Collection of Component Files used:</h2>
Build Time Elapsed:  00:00:03
</pre>
</body>
</html>
